// Jest Snapshot v1, https://goo.gl/fbAQLP

exports[`Header component Should match the snapshot 1`] = `
<div>
  Hola mundo!
</div>
`;
